node.exe : 
[0m[7m[1m[31m 
FAIL 
[39m[22m[27m[0m 
[2m__tests__/lib/[22
m[1mauth.utils.test.
ts[22m
At C:\Program Files\n
odejs\npx.ps1:29 
char:3
+   & $NODE_EXE 
$NPX_CLI_JS $args
+   ~~~~~~~~~~~~~~~~~
~~~~~~~~~~~~
    + CategoryInfo   
           : NotSpe  
  cified: ([0m[7   
 m[1m[3...ls.te    
st.ts[22m:Strin    
g) [], RemoteExc    
eption
    + FullyQualified 
   ErrorId : Native  
  CommandError
 
  [1mΓùÅ [22mTest 
suite failed to run

      x Expected 
';', '}' or <eof>
        ,-[D:\Boot Ca
mp\talenthub\jest.set
up.js:25:1]
     22 |     })
     23 |     
     24 |     // 
Mock 
IntersectionObserver
     25 | ,-> global.
IntersectionObserver 
= class 
IntersectionObserver 
{
     26 | |     
constructor() {}
     27 | |     
disconnect() {}
     28 | |     
observe() {}
     29 | |     
takeRecords() {
     30 | |       
return []
     31 | |     }
     32 | |     
unobserve() {}
     33 | |-> } as 
any
        : `---  ^^
        : `---- This 
is the expression 
part of an 
expression statement
     34 |     
     35 |     // 
Suppress console 
errors in tests
     35 |     const 
originalError = 
console.error
        `----


    Caused by:
        Syntax Error

      [2mat 
Object.transformSync 
([22mnode_modules/ne
xt/src/build/swc/inde
x.ts[2m:1460:25)[22
m
      [2mat 
transformSync ([22mn
ode_modules/next/src/
build/swc/index.ts[2
m:1591:19)[22m
      [2mat 
Object.process ([22m
node_modules/next/src
/build/swc/jest-trans
former.ts[2m:105:25)
[22m
      [2mat ScriptTr
ansformer.transformSo
urce ([22mnode_modul
es/@jest/transform/bu
ild/index.js[2m:422:
31)[22m
      [2mat ScriptTr
ansformer._transformA
ndBuildScript ([22mn
ode_modules/@jest/tra
nsform/build/index.js
[2m:519:40)[22m
      [2mat ScriptTr
ansformer.transform (
[22mnode_modules/@je
st/transform/build/in
dex.js[2m:558:19)[2
2m

[1mTest Suites: 
[22m[1m[31m1 
failed[39m[22m, 1 
total
[1mTests:       
[22m0 total
[1mSnapshots:   
[22m0 total
[1mTime:[22m       
 1.052 s
[2mRan all test 
suites[22m[2m 
matching [22m__tests
__/lib/auth.utils.tes
t.ts[2m.[22m
