src/app/api/interviews/route.ts(236,19): error TS2339: Property 'tenant_id' does not exist on type 'never'.
src/app/api/interviews/route.ts(258,32): error TS2339: Property 'tenant_id' does not exist on type 'never'.
src/app/api/interviews/route.ts(276,32): error TS2339: Property 'tenant_id' does not exist on type 'never'.
